PHPUnit 7.5.6 by Sebastian Bergmann and contributors.

...............................................................  63 / 148 ( 42%)
............................................................... 126 / 148 ( 85%)
......................                                          148 / 148 (100%)

Time: 9.15 minutes, Memory: 70.00 MB

OK (148 tests, 328 assertions)

Generating code coverage report in HTML format ... done
